sing.app.semvery.HelpTest.testPrintHelp=[
semvery 0.5.0
Usage: semvery [options]
  Options:
    --operation, -o
      Options: [isValid, isStable]
    --version, -v
      Display version
    --help, -h
      Display help

Details:
  -o isValid version [version...]
  --operation isValid version [version...]

    Example:
      -o isValid 1.0.0
      -o isValid ABC
      -o isValid 1.0.0 2.0.0
      -o isValid 1.0.0 ABC

  -o isStable version [version...]
  --operation isStable version [version...]

    Example:
      -o isStable 1.0.0
      -o isStable 0.1.0
      -o isStable 1.0.0 0.1.0

]