sing.app.semvery.ParametersTest.testPrintUsage=[
Usage: semvery [options]
  Options:
    --operation, -o
      Operation, value = [isValid]
    --version, -v
      Display version
    --help, -h
      Display help
.
.
]