sing.app.semvery.SemveryisLowerTest.testIsLower[all-lower-2.0.0:1.0.1]=[
Value                Result              
-----                -----               
1.0.1                lower               

]


sing.app.semvery.SemveryisLowerTest.testIsLower[all-lower-2.0.0:1.0.3,1.5.7,0.7.8]=[
Value                Result              
-----                -----               
1.0.3                lower               
1.5.7                lower               
0.7.8                lower               

]


sing.app.semvery.SemveryisLowerTest.testIsLower[all-lower-2.0.0:1.1.0]=[
Value                Result              
-----                -----               
1.1.0                lower               

]


sing.app.semvery.SemveryisLowerTest.testIsLower[all-lower-2.0.0:1.1.2]=[
Value                Result              
-----                -----               
1.1.2                lower               

]


sing.app.semvery.SemveryisLowerTest.testIsLower[all-not-lower-2.0.0:2.0.1]=[
Value                Result              
-----                -----               
2.0.1                not lower           

]


sing.app.semvery.SemveryisLowerTest.testIsLower[all-not-lower-2.0.0:2.0.2]=[
Value                Result              
-----                -----               
2.0.2                not lower           

]


sing.app.semvery.SemveryisLowerTest.testIsLower[all-not-lower-2.0.0:2.0.3,9.5.7,2.0.1]=[
Value                Result              
-----                -----               
2.0.3                not lower           
9.5.7                not lower           
2.0.1                not lower           

]


sing.app.semvery.SemveryisLowerTest.testIsLower[all-not-lower-2.0.0:2.1.2]=[
Value                Result              
-----                -----               
2.1.2                not lower           

]


sing.app.semvery.SemveryisLowerTest.testIsLower[all-not-valid:1.0.A]=[
Value                Result              
-----                -----               
1.0.A                not valid           

]


sing.app.semvery.SemveryisLowerTest.testIsLower[all-not-valid:1.0.B,adfadfasjdfsd,23423,2423.2342342,24234.234234.]=[
Value                Result              
-----                -----               
1.0.B                not valid           
adfadfasjdfsd        not valid           
23423                not valid           
2423.2342342         not valid           
24234.234234.        not valid           

]


sing.app.semvery.SemveryisLowerTest.testIsLower[all-not-valid:23423]=[
Value                Result              
-----                -----               
23423                not valid           

]


sing.app.semvery.SemveryisLowerTest.testIsLower[all-not-valid:2423.2342342]=[
Value                Result              
-----                -----               
2423.2342342         not valid           

]


sing.app.semvery.SemveryisLowerTest.testIsLower[all-not-valid:24234.234234.]=[
Value                Result              
-----                -----               
24234.234234.        not valid           

]


sing.app.semvery.SemveryisLowerTest.testIsLower[all-not-valid:adfadfasjdfsd]=[
Value                Result              
-----                -----               
adfadfasjdfsd        not valid           

]


sing.app.semvery.SemveryisLowerTest.testIsLower[mixed-lower-2.0.0-not-valid:0.3.0,1.1.A,1.3.1]=[
Value                Result              
-----                -----               
0.3.0                lower               
1.1.A                not valid           
1.3.1                lower               

]


sing.app.semvery.SemveryisLowerTest.testIsLower[mixed-lower-2.0.0-not-valid:1.0.0,0.1.0,3.0.A]=[
Value                Result              
-----                -----               
1.0.0                lower               
0.1.0                lower               
3.0.A                not valid           

]


sing.app.semvery.SemveryisLowerTest.testIsLower[mixed-lower-2.0.0-not-valid:1.0.A,1.1.0,0.3.0]=[
Value                Result              
-----                -----               
1.0.A                not valid           
1.1.0                lower               
0.3.0                lower               

]


sing.app.semvery.SemveryisLowerTest.testIsLower[mixed-lower-not-lower-2.0.0-not-valid:0.1.A,1.1.0,3.0.0]=[
Value                Result              
-----                -----               
0.1.A                not valid           
1.1.0                lower               
3.0.0                not lower           

]


sing.app.semvery.SemveryisLowerTest.testIsLower[mixed-lower-not-lower-2.0.0-not-valid:1.1.0,3.0.2,A.1.0]=[
Value                Result              
-----                -----               
1.1.0                lower               
3.0.2                not lower           
A.1.0                not valid           

]


sing.app.semvery.SemveryisLowerTest.testIsLower[mixed-lower-not-lower-2.0.0-not-valid:1.1.A,0.1.2,3.0.0]=[
Value                Result              
-----                -----               
1.1.A                not valid           
0.1.2                lower               
3.0.0                not lower           

]


sing.app.semvery.SemveryisLowerTest.testIsLower[mixed-lower-not-lower-2.0.0:0.1.1,1.1.0,3.0.0]=[
Value                Result              
-----                -----               
0.1.1                lower               
1.1.0                lower               
3.0.0                not lower           

]


sing.app.semvery.SemveryisLowerTest.testIsLower[mixed-lower-not-lower-2.0.0:1.1.0,0.1.2,3.0.0]=[
Value                Result              
-----                -----               
1.1.0                lower               
0.1.2                lower               
3.0.0                not lower           

]


sing.app.semvery.SemveryisLowerTest.testIsLower[mixed-lower-not-lower-2.0.0:1.1.0,3.0.2,0.1.0]=[
Value                Result              
-----                -----               
1.1.0                lower               
3.0.2                not lower           
0.1.0                lower               

]


sing.app.semvery.SemveryisLowerTest.testIsLower[mixed-not-lower-2.0.0-not-valid:1.0.A,2.1.0,3.3.0]=[
Value                Result              
-----                -----               
1.0.A                not valid           
2.1.0                not lower           
3.3.0                not lower           

]


sing.app.semvery.SemveryisLowerTest.testIsLower[mixed-not-lower-2.0.0-not-valid:2.0.0,4.1.0,3.0.A]=[
Value                Result              
-----                -----               
2.0.0                not lower           
4.1.0                not lower           
3.0.A                not valid           

]


sing.app.semvery.SemveryisLowerTest.testIsLower[mixed-not-lower-2.0.0-not-valid:2.3.0,1.1.A,3.3.1]=[
Value                Result              
-----                -----               
2.3.0                not lower           
1.1.A                not valid           
3.3.1                not lower           

]