sing.app.semvery.SemveryisEqualTest.testIsEqual[all-equal-2.0.0:2.0.0,2.0.0]=[
Value                Result              
-----                -----               
2.0.0                equal               
2.0.0                equal               

]


sing.app.semvery.SemveryisEqualTest.testIsEqual[all-equal-2.0.0:2.0.0]=[
Value                Result              
-----                -----               
2.0.0                equal               

]


sing.app.semvery.SemveryisEqualTest.testIsEqual[all-not-equal-2.0.0:1.0.2]=[
Value                Result              
-----                -----               
1.0.2                not equal           

]


sing.app.semvery.SemveryisEqualTest.testIsEqual[all-not-equal-2.0.0:2.0.0-33,2.0.0+33]=[
Value                Result              
-----                -----               
2.0.0-33             not equal           
2.0.0+33             not equal           

]


sing.app.semvery.SemveryisEqualTest.testIsEqual[all-not-equal-2.0.0:2.0.1]=[
Value                Result              
-----                -----               
2.0.1                not equal           

]


sing.app.semvery.SemveryisEqualTest.testIsEqual[all-not-equal-2.0.0:2.0.3,9.5.7,2.0.1]=[
Value                Result              
-----                -----               
2.0.3                not equal           
9.5.7                not equal           
2.0.1                not equal           

]


sing.app.semvery.SemveryisEqualTest.testIsEqual[all-not-valid:1.0.A]=[
Value                Result              
-----                -----               
1.0.A                invalid             

]


sing.app.semvery.SemveryisEqualTest.testIsEqual[all-not-valid:1.0.B,adfadfasjdfsd,23423,2423.2342342,24234.234234.]=[
Value                Result              
-----                -----               
1.0.B                invalid             
adfadfasjdfsd        invalid             
23423                invalid             
2423.2342342         invalid             
24234.234234.        invalid             

]


sing.app.semvery.SemveryisEqualTest.testIsEqual[all-not-valid:23423]=[
Value                Result              
-----                -----               
23423                invalid             

]


sing.app.semvery.SemveryisEqualTest.testIsEqual[all-not-valid:2423.2342342]=[
Value                Result              
-----                -----               
2423.2342342         invalid             

]


sing.app.semvery.SemveryisEqualTest.testIsEqual[all-not-valid:24234.234234.]=[
Value                Result              
-----                -----               
24234.234234.        invalid             

]


sing.app.semvery.SemveryisEqualTest.testIsEqual[all-not-valid:adfadfasjdfsd]=[
Value                Result              
-----                -----               
adfadfasjdfsd        invalid             

]


sing.app.semvery.SemveryisEqualTest.testIsEqual[mixed-equal-2.0.0-not-valid:1.0.A,2.0.0,2.0.0]=[
Value                Result              
-----                -----               
1.0.A                invalid             
2.0.0                equal               
2.0.0                equal               

]


sing.app.semvery.SemveryisEqualTest.testIsEqual[mixed-equal-2.0.0-not-valid:2.0.0,0.1.B,3.0.A]=[
Value                Result              
-----                -----               
2.0.0                equal               
0.1.B                invalid             
3.0.A                invalid             

]


sing.app.semvery.SemveryisEqualTest.testIsEqual[mixed-equal-2.0.0-not-valid:2.0.0,1.1.A,1.3.A]=[
Value                Result              
-----                -----               
2.0.0                equal               
1.1.A                invalid             
1.3.A                invalid             

]


sing.app.semvery.SemveryisEqualTest.testIsEqual[mixed-equal-not-equal-2.0.0-not-valid:0.1.A,1.1.0,2.0.0]=[
Value                Result              
-----                -----               
0.1.A                invalid             
1.1.0                not equal           
2.0.0                equal               

]


sing.app.semvery.SemveryisEqualTest.testIsEqual[mixed-equal-not-equal-2.0.0-not-valid:1.1.0,2.0.0,A.1.0]=[
Value                Result              
-----                -----               
1.1.0                not equal           
2.0.0                equal               
A.1.0                invalid             

]


sing.app.semvery.SemveryisEqualTest.testIsEqual[mixed-equal-not-equal-2.0.0-not-valid:2.0.0,1.1.A,0.1.2]=[
Value                Result              
-----                -----               
2.0.0                equal               
1.1.A                invalid             
0.1.2                not equal           

]


sing.app.semvery.SemveryisEqualTest.testIsEqual[mixed-equal-not-equal-2.0.0:0.1.1,2.0.0,3.0.0]=[
Value                Result              
-----                -----               
0.1.1                not equal           
2.0.0                equal               
3.0.0                not equal           

]


sing.app.semvery.SemveryisEqualTest.testIsEqual[mixed-equal-not-equal-2.0.0:1.1.0,0.0.2,2.0.0]=[
Value                Result              
-----                -----               
1.1.0                not equal           
0.0.2                not equal           
2.0.0                equal               

]


sing.app.semvery.SemveryisEqualTest.testIsEqual[mixed-equal-not-equal-2.0.0:2.0.0,3.0.0,0.1.2]=[
Value                Result              
-----                -----               
2.0.0                equal               
3.0.0                not equal           
0.1.2                not equal           

]


sing.app.semvery.SemveryisEqualTest.testIsEqual[mixed-not-equal-2.0.0-not-valid:1.0.A,2.1.0,3.3.0]=[
Value                Result              
-----                -----               
1.0.A                invalid             
2.1.0                not equal           
3.3.0                not equal           

]


sing.app.semvery.SemveryisEqualTest.testIsEqual[mixed-not-equal-2.0.0-not-valid:2.3.0,1.1.A,3.3.1]=[
Value                Result              
-----                -----               
2.3.0                not equal           
1.1.A                invalid             
3.3.1                not equal           

]


sing.app.semvery.SemveryisEqualTest.testIsEqual[mixed-not-equal-2.0.0-not-valid:2.3.0,4.1.0,3.0.A]=[
Value                Result              
-----                -----               
2.3.0                not equal           
4.1.0                not equal           
3.0.A                invalid             

]