sing.app.semvery.SemveryNoValuesTest.test_no_value=[
Must specify a version.

]