sing.app.semvery.SemveryisEquivalentTest.testIsEquivalent[all-equivalent-2.0.0:2.0.0+3344]=[
Value                Result              
-----                -----               
2.0.0+3344           equivalent          

]


sing.app.semvery.SemveryisEquivalentTest.testIsEquivalent[all-equivalent-2.0.0:2.0.0,2.0.0+3344]=[
Value                Result              
-----                -----               
2.0.0                equivalent          
2.0.0+3344           equivalent          

]


sing.app.semvery.SemveryisEquivalentTest.testIsEquivalent[all-equivalent-2.0.0:2.0.0]=[
Value                Result              
-----                -----               
2.0.0                equivalent          

]


sing.app.semvery.SemveryisEquivalentTest.testIsEquivalent[all-not-equivalent-2.0.0:1.0.2]=[
Value                Result              
-----                -----               
1.0.2                not equivalent      

]


sing.app.semvery.SemveryisEquivalentTest.testIsEquivalent[all-not-equivalent-2.0.0:2.0.0-2434]=[
Value                Result              
-----                -----               
2.0.0-2434           not equivalent      

]


sing.app.semvery.SemveryisEquivalentTest.testIsEquivalent[all-not-equivalent-2.0.0:2.0.3,9.5.7,2.0.0-2343]=[
Value                Result              
-----                -----               
2.0.3                not equivalent      
9.5.7                not equivalent      
2.0.0-2343           not equivalent      

]


sing.app.semvery.SemveryisEquivalentTest.testIsEquivalent[all-not-valid:1.0.A]=[
Value                Result              
-----                -----               
1.0.A                invalid             

]


sing.app.semvery.SemveryisEquivalentTest.testIsEquivalent[all-not-valid:1.0.B,adfadfasjdfsd,23423,2423.2342342,24234.234234.]=[
Value                Result              
-----                -----               
1.0.B                invalid             
adfadfasjdfsd        invalid             
23423                invalid             
2423.2342342         invalid             
24234.234234.        invalid             

]


sing.app.semvery.SemveryisEquivalentTest.testIsEquivalent[all-not-valid:23423]=[
Value                Result              
-----                -----               
23423                invalid             

]


sing.app.semvery.SemveryisEquivalentTest.testIsEquivalent[all-not-valid:2423.2342342]=[
Value                Result              
-----                -----               
2423.2342342         invalid             

]


sing.app.semvery.SemveryisEquivalentTest.testIsEquivalent[all-not-valid:24234.234234.]=[
Value                Result              
-----                -----               
24234.234234.        invalid             

]


sing.app.semvery.SemveryisEquivalentTest.testIsEquivalent[all-not-valid:adfadfasjdfsd]=[
Value                Result              
-----                -----               
adfadfasjdfsd        invalid             

]


sing.app.semvery.SemveryisEquivalentTest.testIsEquivalent[mixed-equivalent-2.0.0-not-valid:1.0.A,2.0.0+33,2.0.0]=[
Value                Result              
-----                -----               
1.0.A                invalid             
2.0.0+33             equivalent          
2.0.0                equivalent          

]


sing.app.semvery.SemveryisEquivalentTest.testIsEquivalent[mixed-equivalent-2.0.0-not-valid:2.0.0+33,1.1.A,1.3.A]=[
Value                Result              
-----                -----               
2.0.0+33             equivalent          
1.1.A                invalid             
1.3.A                invalid             

]


sing.app.semvery.SemveryisEquivalentTest.testIsEquivalent[mixed-equivalent-2.0.0-not-valid:2.0.0,0.1.B,3.0.A]=[
Value                Result              
-----                -----               
2.0.0                equivalent          
0.1.B                invalid             
3.0.A                invalid             

]


sing.app.semvery.SemveryisEquivalentTest.testIsEquivalent[mixed-equivalent-not-equivalent-2.0.0-not-valid:0.1.A,1.1.0,2.0.0]=[
Value                Result              
-----                -----               
0.1.A                invalid             
1.1.0                not equivalent      
2.0.0                equivalent          

]


sing.app.semvery.SemveryisEquivalentTest.testIsEquivalent[mixed-equivalent-not-equivalent-2.0.0-not-valid:2.0.0+33,1.1.A,0.1.2]=[
Value                Result              
-----                -----               
2.0.0+33             equivalent          
1.1.A                invalid             
0.1.2                not equivalent      

]


sing.app.semvery.SemveryisEquivalentTest.testIsEquivalent[mixed-equivalent-not-equivalent-2.0.0-not-valid:2.0.0+33,2.0.0-33,A.1.0]=[
Value                Result              
-----                -----               
2.0.0+33             equivalent          
2.0.0-33             not equivalent      
A.1.0                invalid             

]


sing.app.semvery.SemveryisEquivalentTest.testIsEquivalent[mixed-equivalent-not-equivalent-2.0.0:1.1.0,0.0.2,2.0.0]=[
Value                Result              
-----                -----               
1.1.0                not equivalent      
0.0.2                not equivalent      
2.0.0                equivalent          

]


sing.app.semvery.SemveryisEquivalentTest.testIsEquivalent[mixed-equivalent-not-equivalent-2.0.0:2.0.0+23,2.0.0,3.0.0]=[
Value                Result              
-----                -----               
2.0.0+23             equivalent          
2.0.0                equivalent          
3.0.0                not equivalent      

]


sing.app.semvery.SemveryisEquivalentTest.testIsEquivalent[mixed-equivalent-not-equivalent-2.0.0:2.0.0+33,2.0.0-33,2.0.0]=[
Value                Result              
-----                -----               
2.0.0+33             equivalent          
2.0.0-33             not equivalent      
2.0.0                equivalent          

]


sing.app.semvery.SemveryisEquivalentTest.testIsEquivalent[mixed-not-equivalent-2.0.0-not-valid:1.0.A,2.1.0,3.3.0]=[
Value                Result              
-----                -----               
1.0.A                invalid             
2.1.0                not equivalent      
3.3.0                not equivalent      

]


sing.app.semvery.SemveryisEquivalentTest.testIsEquivalent[mixed-not-equivalent-2.0.0-not-valid:2.3.0,2.0.0-33,3.3.1]=[
Value                Result              
-----                -----               
2.3.0                not equivalent      
2.0.0-33             not equivalent      
3.3.1                not equivalent      

]


sing.app.semvery.SemveryisEquivalentTest.testIsEquivalent[mixed-not-equivalent-2.0.0-not-valid:2.3.0,4.1.0,3.0.A]=[
Value                Result              
-----                -----               
2.3.0                not equivalent      
4.1.0                not equivalent      
3.0.A                invalid             

]