sing.app.semvery.SemveryisStableTest.testIsStable[all-not-stable:0.1.0,1.2.3-4,1.2.3-BETA,33.5454.54353-pre]=[
Value                Result              
-----                -----               
0.1.0                not stable          
1.2.3-4              not stable          
1.2.3-BETA           not stable          
33.5454.54353-pre    not stable          

]


sing.app.semvery.SemveryisStableTest.testIsStable[all-not-stable:0.2.0]=[
Value                Result              
-----                -----               
0.2.0                not stable          

]


sing.app.semvery.SemveryisStableTest.testIsStable[all-not-stable:1.2.3-4]=[
Value                Result              
-----                -----               
1.2.3-4              not stable          

]


sing.app.semvery.SemveryisStableTest.testIsStable[all-not-stable:1.2.3-BETA]=[
Value                Result              
-----                -----               
1.2.3-BETA           not stable          

]


sing.app.semvery.SemveryisStableTest.testIsStable[all-not-stable:33.5454.54353-pre]=[
Value                Result              
-----                -----               
33.5454.54353-pre    not stable          

]


sing.app.semvery.SemveryisStableTest.testIsStable[all-not-valid:1.0.A]=[
Value                Result              
-----                -----               
1.0.A                invalid             

]


sing.app.semvery.SemveryisStableTest.testIsStable[all-not-valid:1.0.B,adfadfasjdfsd,23423,2423.2342342,24234.234234.]=[
Value                Result              
-----                -----               
1.0.B                invalid             
adfadfasjdfsd        invalid             
23423                invalid             
2423.2342342         invalid             
24234.234234.        invalid             

]


sing.app.semvery.SemveryisStableTest.testIsStable[all-not-valid:23423]=[
Value                Result              
-----                -----               
23423                invalid             

]


sing.app.semvery.SemveryisStableTest.testIsStable[all-not-valid:2423.2342342]=[
Value                Result              
-----                -----               
2423.2342342         invalid             

]


sing.app.semvery.SemveryisStableTest.testIsStable[all-not-valid:24234.234234.]=[
Value                Result              
-----                -----               
24234.234234.        invalid             

]


sing.app.semvery.SemveryisStableTest.testIsStable[all-not-valid:adfadfasjdfsd]=[
Value                Result              
-----                -----               
adfadfasjdfsd        invalid             

]


sing.app.semvery.SemveryisStableTest.testIsStable[all-stable:1.0.0]=[
Value                Result              
-----                -----               
1.0.0                stable              

]


sing.app.semvery.SemveryisStableTest.testIsStable[all-stable:1.2.3+sHa.0nSFGKjk]=[
Value                Result              
-----                -----               
1.2.3+sHa.0nSFGKjk   stable              

]


sing.app.semvery.SemveryisStableTest.testIsStable[all-stable:1.2.3,24434.24233.23433,1.2.3+sHa.0nSFGjkf]=[
Value                Result              
-----                -----               
1.2.3                stable              
24434.24233.23433    stable              
1.2.3+sHa.0nSFGjkf   stable              

]


sing.app.semvery.SemveryisStableTest.testIsStable[all-stable:23434.24343.2343]=[
Value                Result              
-----                -----               
23434.24343.2343     stable              

]


sing.app.semvery.SemveryisStableTest.testIsStable[mixed-stable-not-stable-not-valid:0.1.0,1.1.A,3.0.0]=[
Value                Result              
-----                -----               
0.1.0                not stable          
1.1.A                invalid             
3.0.0                stable              

]


sing.app.semvery.SemveryisStableTest.testIsStable[mixed-stable-not-stable-not-valid:1.1.0,3.0.A,0.1.0]=[
Value                Result              
-----                -----               
1.1.0                stable              
3.0.A                invalid             
0.1.0                not stable          

]


sing.app.semvery.SemveryisStableTest.testIsStable[mixed-stable-not-stable-not-valid:1.1.A,0.1.0,3.0.0]=[
Value                Result              
-----                -----               
1.1.A                invalid             
0.1.0                not stable          
3.0.0                stable              

]


sing.app.semvery.SemveryisStableTest.testIsStable[mixed-stable-not-stable:0.1.0,1.1.0,3.0.0]=[
Value                Result              
-----                -----               
0.1.0                not stable          
1.1.0                stable              
3.0.0                stable              

]


sing.app.semvery.SemveryisStableTest.testIsStable[mixed-stable-not-stable:1.1.0,0.1.0,3.0.0]=[
Value                Result              
-----                -----               
1.1.0                stable              
0.1.0                not stable          
3.0.0                stable              

]


sing.app.semvery.SemveryisStableTest.testIsStable[mixed-stable-not-stable:1.1.0,3.0.0,0.1.0]=[
Value                Result              
-----                -----               
1.1.0                stable              
3.0.0                stable              
0.1.0                not stable          

]


sing.app.semvery.SemveryisStableTest.testIsStable[mixed-stable-not-valid:1.0.0,1.1.0,3.0.A]=[
Value                Result              
-----                -----               
1.0.0                stable              
1.1.0                stable              
3.0.A                invalid             

]


sing.app.semvery.SemveryisStableTest.testIsStable[mixed-stable-not-valid:1.0.A,1.1.0,1.3.0]=[
Value                Result              
-----                -----               
1.0.A                invalid             
1.1.0                stable              
1.3.0                stable              

]


sing.app.semvery.SemveryisStableTest.testIsStable[mixed-stable-not-valid:1.3.0,1.1.A,1.3.0]=[
Value                Result              
-----                -----               
1.3.0                stable              
1.1.A                invalid             
1.3.0                stable              

]