sing.app.semvery.SemveryNoRefVersionTest.test_no_refVersion=[
Must specify a refVersion.

]