sing.app.semvery.VersionTest.testPrintApplicationVersion=[
semvery 0.2.0

]


sing.app.semvery.VersionTest.testPrintVersion=[
0.2.0

]